<html>
<body>
<pre>
<h1>µVision Build Log</h1>
<h2>Tool Versions:</h2>
IDE-Version: µVision V5.36.0.0
Copyright (C) 2021 ARM Ltd and ARM Germany GmbH. All rights reserved.
License Information: Ebraheem Elfishawy, Ebraheem, LIC=----
 
Tool Versions:
Toolchain:       MDK-Lite  Version: 5.36.0.0
Toolchain Path:  C:\Keil_v5\ARM\ARMCLANG\Bin
C Compiler:      ArmClang.exe V6.16
Assembler:       Armasm.exe V6.16
Linker/Locator:  ArmLink.exe V6.16
Library Manager: ArmAr.exe V6.16
Hex Converter:   FromElf.exe V6.16
CPU DLL:         SARMCM3.DLL V5.36.0.0
Dialog DLL:      DCM.DLL V1.17.3.0
Target DLL:      STLink\ST-LINKIII-KEIL_SWO.dll V3.0.9.0
Dialog DLL:      TCM.DLL V1.53.0.0
 
<h2>Project:</h2>
D:\C++\ARM\STM32F446RE_Drivers_Cpp\STM32F446RE_KeilProject.uvprojx
Project File Date:  06/29/2023

<h2>Output:</h2>
*** Using Compiler 'V6.16', folder: 'C:\Keil_v5\ARM\ARMCLANG\Bin'
Build target 'Stm32F446re'
Note: source file '.\main.cpp' - object file renamed from '.\Objects\main.o' to '.\Objects\main_1.o'.
Note: source file '.\uart.cpp' - object file renamed from '.\Objects\uart.o' to '.\Objects\uart_1.o'.
main.cpp(4): warning: non-portable path to file '"led.h"'; specified path differs in case from file name on disk [-Wnonportable-include-path]
   #include "Led.h"
            ^~~~~~~
            "led.h"
main.cpp(6): warning: no previous extern declaration for non-static variable 'LedRed' [-Wmissing-variable-declarations]
   Led LedRed(RED,ON);                      /*1- Static allocation*/
       ^
main.cpp(6): note: declare 'static' if the variable is not intended to be used outside of this translation unit
   Led LedRed(RED,ON);                      /*1- Static allocation*/
   ^
main.cpp(6): warning: declaration requires a global constructor [-Wglobal-constructors]
   Led LedRed(RED,ON);                      /*1- Static allocation*/
       ^~~~~~~~~~~~~~
main.cpp(7): warning: no previous extern declaration for non-static variable 'LedBuiltIn' [-Wmissing-variable-declarations]
         Led LedBuiltIn(BUILTIN,ON);                      /*1- Static allocation*/
             ^
main.cpp(7): note: declare 'static' if the variable is not intended to be used outside of this translation unit
         Led LedBuiltIn(BUILTIN,ON);                      /*1- Static allocation*/
         ^
main.cpp(7): warning: declaration requires a global constructor [-Wglobal-constructors]
         Led LedBuiltIn(BUILTIN,ON);                      /*1- Static allocation*/
             ^~~~~~~~~~~~~~~~~~~~~~
main.cpp(8): warning: no previous extern declaration for non-static variable 'LedRedState' [-Wmissing-variable-declarations]
   LedState_Type LedRedState;
                 ^
main.cpp(8): note: declare 'static' if the variable is not intended to be used outside of this translation unit
   LedState_Type LedRedState;
   ^
main.cpp(9): warning: no previous extern declaration for non-static variable 'LedGreenState' [-Wmissing-variable-declarations]
   LedState_Type LedGreenState;
                 ^
main.cpp(9): note: declare 'static' if the variable is not intended to be used outside of this translation unit
   LedState_Type LedGreenState;
   ^
main.cpp(10): warning: no previous extern declaration for non-static variable 'LedBlueState' [-Wmissing-variable-declarations]
   LedState_Type LedBlueState;
                 ^
main.cpp(10): note: declare 'static' if the variable is not intended to be used outside of this translation unit
   LedState_Type LedBlueState;
   ^
main.cpp(63): warning: C++98 requires newline at end of file [-Wc++98-compat-pedantic]
#endif
      ^
9 warnings generated.
compiling main.cpp...
linking...
Program Size: Code=1564 RO-data=472 RW-data=0 ZI-data=1648  
".\Objects\STM32F446RE_KeilProject.axf" - 0 Error(s), 9 Warning(s).

<h2>Software Packages used:</h2>

Package Vendor: ARM
                http://www.keil.com/pack/ARM.CMSIS.5.9.0.pack
                ARM.CMSIS.5.9.0
                CMSIS (Common Microcontroller Software Interface Standard)
   * Component: CORE Version: 5.6.0

Package Vendor: Keil
                http://www.keil.com/pack/Keil.STM32F4xx_DFP.2.16.0.pack
                Keil.STM32F4xx_DFP.2.16.0
                STMicroelectronics STM32F4 Series Device Support, Drivers and Examples
   * Component: Startup Version: 2.6.3

<h2>Collection of Component include folders:</h2>
  .\RTE\_Stm32F446re
  C:\Users\ebrah\AppData\Local\Arm\Packs\ARM\CMSIS\5.9.0\CMSIS\Core\Include
  C:\Users\ebrah\AppData\Local\Arm\Packs\Keil\STM32F4xx_DFP\2.16.0\Drivers\CMSIS\Device\ST\STM32F4xx\Include

<h2>Collection of Component Files used:</h2>

   * Component: ARM::CMSIS:CORE:5.6.0

   * Component: Keil::Device:Startup:2.6.3
      Include file:  Drivers\CMSIS\Device\ST\STM32F4xx\Include\stm32f4xx.h
      Source file:   MDK\Device\Source\ARM\STM32F4xx_OTP.s
      Source file:   MDK\Device\Source\ARM\STM32F446xx_OPT.s
      Source file:   Drivers\CMSIS\Device\ST\STM32F4xx\Source\Templates\arm\startup_stm32f446xx.s
      Source file:   Drivers\CMSIS\Device\ST\STM32F4xx\Source\Templates\system_stm32f4xx.c
Build Time Elapsed:  00:00:00
</pre>
</body>
</html>
